[stroyka-admin.html.themeforest.scompiler.ru/variants/ltr/index.html]
[backblue.gif]
[fade.gif]
[index.html]
[stroyka-admin.html.themeforest.scompiler.ru/variants/ltr/images/favicon.png]
[stroyka-admin.html.themeforest.scompiler.ru/variants/ltr/vendor/highlight.js/styles/github.css]
[stroyka-admin.html.themeforest.scompiler.ru/variants/ltr/vendor/bootstrap/css/bootstrap.ltr.css]
[stroyka-admin.html.themeforest.scompiler.ru/variants/ltr/vendor/simplebar/simplebar.min.css]
[stroyka-admin.html.themeforest.scompiler.ru/variants/ltr/vendor/quill/quill.snow.css]
[stroyka-admin.html.themeforest.scompiler.ru/variants/ltr/vendor/air-datepicker/css/datepicker.min.css]
[stroyka-admin.html.themeforest.scompiler.ru/variants/ltr/vendor/select2/css/select2.min.css]
[stroyka-admin.html.themeforest.scompiler.ru/variants/ltr/vendor/datatables/css/dataTables.bootstrap5.min.css]
[stroyka-admin.html.themeforest.scompiler.ru/variants/ltr/vendor/nouislider/nouislider.min.css]
[stroyka-admin.html.themeforest.scompiler.ru/variants/ltr/vendor/fullcalendar/main.min.css]
[stroyka-admin.html.themeforest.scompiler.ru/variants/ltr/css/style.css]
[stroyka-admin.html.themeforest.scompiler.ru/variants/ltr/app-products-list.html]
[stroyka-admin.html.themeforest.scompiler.ru/variants/ltr/app-product.html]
[stroyka-admin.html.themeforest.scompiler.ru/variants/ltr/app-categories-list.html]
[stroyka-admin.html.themeforest.scompiler.ru/variants/ltr/app-category.html]
[stroyka-admin.html.themeforest.scompiler.ru/variants/ltr/app-customers-list.html]
[stroyka-admin.html.themeforest.scompiler.ru/variants/ltr/app-customer.html]
[stroyka-admin.html.themeforest.scompiler.ru/variants/ltr/app-orders-list.html]
[stroyka-admin.html.themeforest.scompiler.ru/variants/ltr/app-order.html]
[stroyka-admin.html.themeforest.scompiler.ru/variants/ltr/app-coupons-list.html]
[stroyka-admin.html.themeforest.scompiler.ru/variants/ltr/app-coupon.html]
[stroyka-admin.html.themeforest.scompiler.ru/variants/ltr/app-inbox-list.html]
[stroyka-admin.html.themeforest.scompiler.ru/variants/ltr/app-inbox-conversation.html]
[stroyka-admin.html.themeforest.scompiler.ru/variants/ltr/app-chat.html]
[stroyka-admin.html.themeforest.scompiler.ru/variants/ltr/app-file-manager.html]
[stroyka-admin.html.themeforest.scompiler.ru/variants/ltr/app-calendar.html]
[stroyka-admin.html.themeforest.scompiler.ru/variants/ltr/app-analytics.html]
[stroyka-admin.html.themeforest.scompiler.ru/variants/ltr/app-settings-toc.html]
[stroyka-admin.html.themeforest.scompiler.ru/variants/ltr/app-settings-form.html]
[stroyka-admin.html.themeforest.scompiler.ru/variants/ltr/auth-sign-in.html]
[stroyka-admin.html.themeforest.scompiler.ru/variants/ltr/auth-forgot-password.html]
[stroyka-admin.html.themeforest.scompiler.ru/variants/ltr/auth-reset-password.html]
[stroyka-admin.html.themeforest.scompiler.ru/variants/ltr/auth-sign-up.html]
[stroyka-admin.html.themeforest.scompiler.ru/variants/ltr/auth-email-confirmation.html]
[stroyka-admin.html.themeforest.scompiler.ru/variants/ltr/page-invoice.html]
[stroyka-admin.html.themeforest.scompiler.ru/variants/ltr/page-pricing-table.html]
[stroyka-admin.html.themeforest.scompiler.ru/variants/ltr/page-faq.html]
[stroyka-admin.html.themeforest.scompiler.ru/variants/ltr/page-terms.html]
[stroyka-admin.html.themeforest.scompiler.ru/variants/ltr/page-help-center.html]
[stroyka-admin.html.themeforest.scompiler.ru/variants/ltr/page-404.html]
[stroyka-admin.html.themeforest.scompiler.ru/variants/ltr/components-accordion.html]
[stroyka-admin.html.themeforest.scompiler.ru/variants/ltr/components-alerts.html]
[stroyka-admin.html.themeforest.scompiler.ru/variants/ltr/components-badge.html]
[stroyka-admin.html.themeforest.scompiler.ru/variants/ltr/components-breadcrumb.html]
[stroyka-admin.html.themeforest.scompiler.ru/variants/ltr/components-buttons.html]
[stroyka-admin.html.themeforest.scompiler.ru/variants/ltr/components-button-group.html]
[stroyka-admin.html.themeforest.scompiler.ru/variants/ltr/components-cards.html]
[stroyka-admin.html.themeforest.scompiler.ru/variants/ltr/components-carousel.html]
[stroyka-admin.html.themeforest.scompiler.ru/variants/ltr/components-collapse.html]
[stroyka-admin.html.themeforest.scompiler.ru/variants/ltr/components-dropdowns.html]
[stroyka-admin.html.themeforest.scompiler.ru/variants/ltr/components-list-group.html]
[stroyka-admin.html.themeforest.scompiler.ru/variants/ltr/components-modal.html]
[stroyka-admin.html.themeforest.scompiler.ru/variants/ltr/components-navs.html]
[stroyka-admin.html.themeforest.scompiler.ru/variants/ltr/components-nouislider.html]
[stroyka-admin.html.themeforest.scompiler.ru/variants/ltr/components-offcanvas.html]
[stroyka-admin.html.themeforest.scompiler.ru/variants/ltr/components-pagination.html]
[stroyka-admin.html.themeforest.scompiler.ru/variants/ltr/components-placeholders.html]
[stroyka-admin.html.themeforest.scompiler.ru/variants/ltr/components-popovers.html]
[stroyka-admin.html.themeforest.scompiler.ru/variants/ltr/components-progress.html]
[stroyka-admin.html.themeforest.scompiler.ru/variants/ltr/components-scrollspy.html]
[stroyka-admin.html.themeforest.scompiler.ru/variants/ltr/components-spinners.html]
[stroyka-admin.html.themeforest.scompiler.ru/variants/ltr/components-symbols.html]
[stroyka-admin.html.themeforest.scompiler.ru/variants/ltr/components-tabs.html]
[stroyka-admin.html.themeforest.scompiler.ru/variants/ltr/components-toasts.html]
[stroyka-admin.html.themeforest.scompiler.ru/variants/ltr/components-tooltips.html]
[stroyka-admin.html.themeforest.scompiler.ru/variants/ltr/forms-text-box.html]
[stroyka-admin.html.themeforest.scompiler.ru/variants/ltr/forms-text-area.html]
[stroyka-admin.html.themeforest.scompiler.ru/variants/ltr/forms-select.html]
[stroyka-admin.html.themeforest.scompiler.ru/variants/ltr/forms-checks-and-radios.html]
[stroyka-admin.html.themeforest.scompiler.ru/variants/ltr/forms-file.html]
[stroyka-admin.html.themeforest.scompiler.ru/variants/ltr/forms-range.html]
[stroyka-admin.html.themeforest.scompiler.ru/variants/ltr/forms-input-group.html]
[stroyka-admin.html.themeforest.scompiler.ru/variants/ltr/forms-layout.html]
[stroyka-admin.html.themeforest.scompiler.ru/variants/ltr/forms-help-text.html]
[stroyka-admin.html.themeforest.scompiler.ru/variants/ltr/forms-validation.html]
[stroyka-admin.html.themeforest.scompiler.ru/variants/ltr/forms-quill.html]
[stroyka-admin.html.themeforest.scompiler.ru/variants/ltr/forms-air-datepicker.html]
[stroyka-admin.html.themeforest.scompiler.ru/variants/ltr/forms-select2.html]
[stroyka-admin.html.themeforest.scompiler.ru/variants/ltr/tables-basic-tables.html]
[stroyka-admin.html.themeforest.scompiler.ru/variants/ltr/tables-datatables.html]
[stroyka-admin.html.themeforest.scompiler.ru/variants/ltr/icons.html]
[stroyka-admin.html.themeforest.scompiler.ru/variants/ltr/charts.html]
[stroyka-admin.html.themeforest.scompiler.ru/variants/ltr/vendor/flag-icons/24/DE.png]
[stroyka-admin.html.themeforest.scompiler.ru/variants/ltr/vendor/flag-icons/24/FR.png]
[stroyka-admin.html.themeforest.scompiler.ru/variants/ltr/vendor/flag-icons/24/GB.png]
[stroyka-admin.html.themeforest.scompiler.ru/variants/ltr/vendor/flag-icons/24/RU.png]
[stroyka-admin.html.themeforest.scompiler.ru/variants/ltr/vendor/flag-icons/24/IT.png]
[stroyka-admin.html.themeforest.scompiler.ru/variants/ltr/images/customers/customer-4-64x64.jpg]
[stroyka-admin.html.themeforest.scompiler.ru/variants/ltr/vendor/flag-icons/24/US.png]
[stroyka-admin.html.themeforest.scompiler.ru/variants/ltr/vendor/flag-icons/24/CO.png]
[stroyka-admin.html.themeforest.scompiler.ru/variants/ltr/vendor/flag-icons/24/RS.png]
[stroyka-admin.html.themeforest.scompiler.ru/variants/ltr/images/products/product-1-40x40.jpg]
[stroyka-admin.html.themeforest.scompiler.ru/variants/ltr/images/products/product-7-40x40.jpg]
[stroyka-admin.html.themeforest.scompiler.ru/variants/ltr/images/products/product-10-40x40.jpg]
[stroyka-admin.html.themeforest.scompiler.ru/variants/ltr/images/products/product-5-40x40.jpg]
[stroyka-admin.html.themeforest.scompiler.ru/variants/ltr/images/products/product-2-40x40.jpg]
[stroyka-admin.html.themeforest.scompiler.ru/variants/ltr/images/products/product-16-40x40.jpg]
[stroyka-admin.html.themeforest.scompiler.ru/variants/ltr/vendor/jquery/jquery.min.js]
[stroyka-admin.html.themeforest.scompiler.ru/variants/ltr/vendor/feather-icons/feather.min.js]
[stroyka-admin.html.themeforest.scompiler.ru/variants/ltr/vendor/simplebar/simplebar.min.js]
[stroyka-admin.html.themeforest.scompiler.ru/variants/ltr/vendor/bootstrap/js/bootstrap.bundle.min.js]
[stroyka-admin.html.themeforest.scompiler.ru/variants/ltr/vendor/highlight.js/highlight.pack.js]
[stroyka-admin.html.themeforest.scompiler.ru/variants/ltr/vendor/air-datepicker/js/datepicker.min.js]
[stroyka-admin.html.themeforest.scompiler.ru/variants/ltr/vendor/quill/quill.min.js]
[stroyka-admin.html.themeforest.scompiler.ru/variants/ltr/vendor/select2/js/select2.min.js]
[stroyka-admin.html.themeforest.scompiler.ru/variants/ltr/vendor/air-datepicker/js/i18n/datepicker.en.js]
[stroyka-admin.html.themeforest.scompiler.ru/variants/ltr/vendor/chart.js/chart.min.js]
[stroyka-admin.html.themeforest.scompiler.ru/variants/ltr/vendor/datatables/js/jquery.dataTables.min.js]
[stroyka-admin.html.themeforest.scompiler.ru/variants/ltr/vendor/datatables/js/dataTables.bootstrap5.min.js]
[stroyka-admin.html.themeforest.scompiler.ru/variants/ltr/vendor/fontawesome/js/all.min.js]
[stroyka-admin.html.themeforest.scompiler.ru/variants/ltr/vendor/nouislider/nouislider.min.js]
[stroyka-admin.html.themeforest.scompiler.ru/variants/ltr/vendor/fullcalendar/main.min.js]
[stroyka-admin.html.themeforest.scompiler.ru/variants/ltr/js/stroyka.js]
[stroyka-admin.html.themeforest.scompiler.ru/variants/ltr/js/custom.js]
[stroyka-admin.html.themeforest.scompiler.ru/variants/ltr/js/calendar.js]
[stroyka-admin.html.themeforest.scompiler.ru/variants/ltr/js/demo.js]
[stroyka-admin.html.themeforest.scompiler.ru/variants/ltr/index.html]
[stroyka-admin.html.themeforest.scompiler.ru/variants/ltr/vendor/bootstrap/css/bootstrap.ltr.css]
[stroyka-admin.html.themeforest.scompiler.ru/variants/ltr/vendor/highlight.js/styles/github.css]
[stroyka-admin.html.themeforest.scompiler.ru/variants/ltr/vendor/simplebar/simplebar.min.css]
[stroyka-admin.html.themeforest.scompiler.ru/variants/ltr/vendor/quill/quill.snow.css]
[stroyka-admin.html.themeforest.scompiler.ru/variants/ltr/vendor/air-datepicker/css/datepicker.min.css]
[stroyka-admin.html.themeforest.scompiler.ru/variants/ltr/vendor/select2/css/select2.min.css]
[stroyka-admin.html.themeforest.scompiler.ru/variants/ltr/vendor/datatables/css/dataTables.bootstrap5.min.css]
[stroyka-admin.html.themeforest.scompiler.ru/variants/ltr/vendor/nouislider/nouislider.min.css]
[stroyka-admin.html.themeforest.scompiler.ru/variants/ltr/vendor/fullcalendar/main.min.css]
[stroyka-admin.html.themeforest.scompiler.ru/variants/ltr/css/style.css]
[stroyka-admin.html.themeforest.scompiler.ru/variants/ltr/js/demo-chart-js.js]
[stroyka-admin.html.themeforest.scompiler.ru/variants/ltr/images/products/product-3-40x40.jpg]
[stroyka-admin.html.themeforest.scompiler.ru/variants/ltr/images/products/product-4-40x40.jpg]
[stroyka-admin.html.themeforest.scompiler.ru/variants/ltr/images/products/product-6-40x40.jpg]
[stroyka-admin.html.themeforest.scompiler.ru/variants/ltr/images/products/product-8-40x40.jpg]
[stroyka-admin.html.themeforest.scompiler.ru/variants/ltr/images/products/product-9-40x40.jpg]
[stroyka-admin.html.themeforest.scompiler.ru/variants/ltr/images/products/product-11-40x40.jpg]
[stroyka-admin.html.themeforest.scompiler.ru/variants/ltr/images/products/product-12-40x40.jpg]
[stroyka-admin.html.themeforest.scompiler.ru/variants/ltr/images/products/product-13-40x40.jpg]
[stroyka-admin.html.themeforest.scompiler.ru/variants/ltr/images/products/product-14-40x40.jpg]
[stroyka-admin.html.themeforest.scompiler.ru/variants/ltr/images/products/product-15-40x40.jpg]
[stroyka-admin.html.themeforest.scompiler.ru/variants/ltr/app-products-list.html]
[stroyka-admin.html.themeforest.scompiler.ru/variants/ltr/images/products/product-16-1-40x40.jpg]
[stroyka-admin.html.themeforest.scompiler.ru/variants/ltr/images/products/product-16-2-40x40.jpg]
[stroyka-admin.html.themeforest.scompiler.ru/variants/ltr/images/products/product-16-3-40x40.jpg]
[stroyka-admin.html.themeforest.scompiler.ru/variants/ltr/images/products/product-16-4-40x40.jpg]
[stroyka-admin.html.themeforest.scompiler.ru/variants/ltr/app-product.html]
[stroyka-admin.html.themeforest.scompiler.ru/variants/ltr/app-categories-list.html]
[stroyka-admin.html.themeforest.scompiler.ru/variants/ltr/images/products/product-7-320x320.jpg]
[stroyka-admin.html.themeforest.scompiler.ru/variants/ltr/app-category.html]
[stroyka-admin.html.themeforest.scompiler.ru/variants/ltr/images/customers/customer-1-40x40.jpg]
[stroyka-admin.html.themeforest.scompiler.ru/variants/ltr/images/customers/customer-2-40x40.jpg]
[stroyka-admin.html.themeforest.scompiler.ru/variants/ltr/images/customers/customer-3-40x40.jpg]
[stroyka-admin.html.themeforest.scompiler.ru/variants/ltr/images/customers/customer-4-40x40.jpg]
[stroyka-admin.html.themeforest.scompiler.ru/variants/ltr/images/customers/customer-5-40x40.jpg]
[stroyka-admin.html.themeforest.scompiler.ru/variants/ltr/images/customers/customer-6-40x40.jpg]
[stroyka-admin.html.themeforest.scompiler.ru/variants/ltr/images/customers/customer-7-40x40.jpg]
[stroyka-admin.html.themeforest.scompiler.ru/variants/ltr/images/customers/customer-8-40x40.jpg]
[stroyka-admin.html.themeforest.scompiler.ru/variants/ltr/images/customers/customer-9-40x40.jpg]
[stroyka-admin.html.themeforest.scompiler.ru/variants/ltr/images/customers/customer-10-40x40.jpg]
[stroyka-admin.html.themeforest.scompiler.ru/variants/ltr/images/customers/customer-11-40x40.jpg]
[stroyka-admin.html.themeforest.scompiler.ru/variants/ltr/images/customers/customer-12-40x40.jpg]
[stroyka-admin.html.themeforest.scompiler.ru/variants/ltr/app-customers-list.html]
[stroyka-admin.html.themeforest.scompiler.ru/variants/ltr/images/customers/customer-1-96x96.jpg]
[stroyka-admin.html.themeforest.scompiler.ru/variants/ltr/app-customer.html]
[stroyka-admin.html.themeforest.scompiler.ru/variants/ltr/app-orders-list.html]
[stroyka-admin.html.themeforest.scompiler.ru/variants/ltr/app-order.html]
[stroyka-admin.html.themeforest.scompiler.ru/variants/ltr/app-coupons-list.html]
[stroyka-admin.html.themeforest.scompiler.ru/variants/ltr/app-coupon.html]
[stroyka-admin.html.themeforest.scompiler.ru/variants/ltr/app-inbox-list.html]
[stroyka-admin.html.themeforest.scompiler.ru/variants/ltr/images/customers/customer-7-64x64.jpg]
[stroyka-admin.html.themeforest.scompiler.ru/variants/ltr/app-inbox-conversation.html]
[stroyka-admin.html.themeforest.scompiler.ru/variants/ltr/images/customers/customer-1-64x64.jpg]
[stroyka-admin.html.themeforest.scompiler.ru/variants/ltr/images/customers/customer-2-64x64.jpg]
[stroyka-admin.html.themeforest.scompiler.ru/variants/ltr/images/customers/customer-3-64x64.jpg]
[stroyka-admin.html.themeforest.scompiler.ru/variants/ltr/images/customers/customer-5-64x64.jpg]
[stroyka-admin.html.themeforest.scompiler.ru/variants/ltr/images/customers/customer-6-64x64.jpg]
[stroyka-admin.html.themeforest.scompiler.ru/variants/ltr/images/customers/customer-8-64x64.jpg]
[stroyka-admin.html.themeforest.scompiler.ru/variants/ltr/images/customers/customer-9-64x64.jpg]
[stroyka-admin.html.themeforest.scompiler.ru/variants/ltr/images/customers/customer-10-64x64.jpg]
[stroyka-admin.html.themeforest.scompiler.ru/variants/ltr/images/customers/customer-11-64x64.jpg]
[stroyka-admin.html.themeforest.scompiler.ru/variants/ltr/images/customers/customer-12-64x64.jpg]
[stroyka-admin.html.themeforest.scompiler.ru/variants/ltr/app-chat.html]
[stroyka-admin.html.themeforest.scompiler.ru/variants/ltr/images/files/file-1-320x180.jpg]
[stroyka-admin.html.themeforest.scompiler.ru/variants/ltr/images/files/file-2-320x180.jpg]
[stroyka-admin.html.themeforest.scompiler.ru/variants/ltr/images/files/file-3-320x180.jpg]
[stroyka-admin.html.themeforest.scompiler.ru/variants/ltr/images/files/file-4-320x180.jpg]
[stroyka-admin.html.themeforest.scompiler.ru/variants/ltr/images/files/file-5-320x180.jpg]
[stroyka-admin.html.themeforest.scompiler.ru/variants/ltr/images/customers/customer-9-32x32.jpg]
[stroyka-admin.html.themeforest.scompiler.ru/variants/ltr/images/customers/customer-7-32x32.jpg]
[stroyka-admin.html.themeforest.scompiler.ru/variants/ltr/images/customers/customer-11-32x32.jpg]
[stroyka-admin.html.themeforest.scompiler.ru/variants/ltr/app-file-manager.html]
[stroyka-admin.html.themeforest.scompiler.ru/variants/ltr/app-calendar.html]
[stroyka-admin.html.themeforest.scompiler.ru/variants/ltr/app-analytics.html]
[stroyka-admin.html.themeforest.scompiler.ru/variants/ltr/app-settings-toc.html]
[stroyka-admin.html.themeforest.scompiler.ru/variants/ltr/app-settings-form.html]
[stroyka-admin.html.themeforest.scompiler.ru/variants/ltr/auth-sign-in.html]
[stroyka-admin.html.themeforest.scompiler.ru/variants/ltr/auth-sign-up.html]
[stroyka-admin.html.themeforest.scompiler.ru/variants/ltr/auth-forgot-password.html]
[stroyka-admin.html.themeforest.scompiler.ru/variants/ltr/auth-reset-password.html]
[stroyka-admin.html.themeforest.scompiler.ru/variants/ltr/auth-email-confirmation.html]
[stroyka-admin.html.themeforest.scompiler.ru/variants/ltr/page-invoice.html]
[stroyka-admin.html.themeforest.scompiler.ru/variants/ltr/page-pricing-table.html]
[stroyka-admin.html.themeforest.scompiler.ru/variants/ltr/page-faq.html]
[stroyka-admin.html.themeforest.scompiler.ru/variants/ltr/page-terms.html]
[stroyka-admin.html.themeforest.scompiler.ru/variants/ltr/page-help-center.html]
[stroyka-admin.html.themeforest.scompiler.ru/variants/ltr/page-404.html]
[stroyka-admin.html.themeforest.scompiler.ru/variants/ltr/components-accordion.html]
[stroyka-admin.html.themeforest.scompiler.ru/variants/ltr/components-alerts.html]
[stroyka-admin.html.themeforest.scompiler.ru/variants/ltr/components-badge.html]
[stroyka-admin.html.themeforest.scompiler.ru/variants/ltr/components-breadcrumb.html]
[stroyka-admin.html.themeforest.scompiler.ru/variants/ltr/components-buttons.html]
[stroyka-admin.html.themeforest.scompiler.ru/variants/ltr/components-button-group.html]
[stroyka-admin.html.themeforest.scompiler.ru/variants/ltr/images/card-image-1-320x180.jpg]
[stroyka-admin.html.themeforest.scompiler.ru/variants/ltr/images/card-image-1-640x360.jpg]
[stroyka-admin.html.themeforest.scompiler.ru/variants/ltr/components-cards.html]
[stroyka-admin.html.themeforest.scompiler.ru/variants/ltr/images/carousel-1-720x405.jpg]
[stroyka-admin.html.themeforest.scompiler.ru/variants/ltr/images/carousel-2-720x405.jpg]
[stroyka-admin.html.themeforest.scompiler.ru/variants/ltr/images/carousel-3-720x405.jpg]
[stroyka-admin.html.themeforest.scompiler.ru/variants/ltr/images/carousel-with-captions-1-720x405.jpg]
[stroyka-admin.html.themeforest.scompiler.ru/variants/ltr/images/carousel-with-captions-2-720x405.jpg]
[stroyka-admin.html.themeforest.scompiler.ru/variants/ltr/images/carousel-with-captions-3-720x405.jpg]
[stroyka-admin.html.themeforest.scompiler.ru/variants/ltr/images/carousel-dark-1-720x405.jpg]
[stroyka-admin.html.themeforest.scompiler.ru/variants/ltr/images/carousel-dark-2-720x405.jpg]
[stroyka-admin.html.themeforest.scompiler.ru/variants/ltr/images/carousel-dark-3-720x405.jpg]
[stroyka-admin.html.themeforest.scompiler.ru/variants/ltr/components-carousel.html]
[stroyka-admin.html.themeforest.scompiler.ru/variants/ltr/components-collapse.html]
[stroyka-admin.html.themeforest.scompiler.ru/variants/ltr/components-dropdowns.html]
[stroyka-admin.html.themeforest.scompiler.ru/variants/ltr/components-list-group.html]
[stroyka-admin.html.themeforest.scompiler.ru/variants/ltr/components-modal.html]
[stroyka-admin.html.themeforest.scompiler.ru/variants/ltr/components-navs.html]
[stroyka-admin.html.themeforest.scompiler.ru/variants/ltr/components-nouislider.html]
[stroyka-admin.html.themeforest.scompiler.ru/variants/ltr/components-offcanvas.html]
[stroyka-admin.html.themeforest.scompiler.ru/variants/ltr/components-pagination.html]
[stroyka-admin.html.themeforest.scompiler.ru/variants/ltr/components-placeholders.html]
[stroyka-admin.html.themeforest.scompiler.ru/variants/ltr/components-popovers.html]
[stroyka-admin.html.themeforest.scompiler.ru/variants/ltr/components-progress.html]
[stroyka-admin.html.themeforest.scompiler.ru/variants/ltr/components-scrollspy.html]
[stroyka-admin.html.themeforest.scompiler.ru/variants/ltr/components-spinners.html]
[stroyka-admin.html.themeforest.scompiler.ru/variants/ltr/images/customers/customer-4-128x128.jpg]
[stroyka-admin.html.themeforest.scompiler.ru/variants/ltr/components-symbols.html]
[stroyka-admin.html.themeforest.scompiler.ru/variants/ltr/components-tabs.html]
[stroyka-admin.html.themeforest.scompiler.ru/variants/ltr/images/customers/customer-4-20x20.jpg]
[stroyka-admin.html.themeforest.scompiler.ru/variants/ltr/components-toasts.html]
[stroyka-admin.html.themeforest.scompiler.ru/variants/ltr/components-tooltips.html]
[stroyka-admin.html.themeforest.scompiler.ru/variants/ltr/forms-text-box.html]
[stroyka-admin.html.themeforest.scompiler.ru/variants/ltr/forms-text-area.html]
[stroyka-admin.html.themeforest.scompiler.ru/variants/ltr/forms-select.html]
[stroyka-admin.html.themeforest.scompiler.ru/variants/ltr/forms-checks-and-radios.html]
[stroyka-admin.html.themeforest.scompiler.ru/variants/ltr/forms-file.html]
[stroyka-admin.html.themeforest.scompiler.ru/variants/ltr/forms-range.html]
[stroyka-admin.html.themeforest.scompiler.ru/variants/ltr/forms-input-group.html]
[stroyka-admin.html.themeforest.scompiler.ru/variants/ltr/forms-layout.html]
[stroyka-admin.html.themeforest.scompiler.ru/variants/ltr/forms-help-text.html]
[stroyka-admin.html.themeforest.scompiler.ru/variants/ltr/forms-validation.html]
[stroyka-admin.html.themeforest.scompiler.ru/variants/ltr/forms-quill.html]
[stroyka-admin.html.themeforest.scompiler.ru/variants/ltr/forms-air-datepicker.html]
[stroyka-admin.html.themeforest.scompiler.ru/variants/ltr/forms-select2.html]
[stroyka-admin.html.themeforest.scompiler.ru/variants/ltr/tables-basic-tables.html]
[stroyka-admin.html.themeforest.scompiler.ru/variants/ltr/tables-datatables.html]
[stroyka-admin.html.themeforest.scompiler.ru/variants/ltr/icons.html]
[stroyka-admin.html.themeforest.scompiler.ru/variants/ltr/charts.html]
[stroyka-admin.html.themeforest.scompiler.ru/variants/ltr/vendor/bootstrap-icons/bootstrap-icons.svg]
